   0.000 2026-10-09 09:05:04; Factorio 2.1.21 (build 87673, linux64, headless, space-age)
   0.000 Operating system: Linux
   0.000 Program arguments: "work/research/experimental/factorio/bin/x64/factorio" "--config" "/workspace/work/zip-validation21/config.ini" "--mod-directory" "/workspace/work/zip-validation21/mods" "--create" "/workspace/work/zip-validation21/install-test.zip" 
   0.000 Config path: /workspace/work/zip-validation21/config.ini
   0.000 Read data path: /workspace/work/research/experimental/factorio/data
   0.000 Write data path: /workspace/work/zip-validation21/runtime [29819/32205MB]
   0.000 Binaries path: /workspace/work/research/experimental/factorio/bin
   0.007 System info: [CPU: AMD EPYC 9V74 80-Core Processor, 5 cores, RAM: 18007 MB]
   0.007 Environment: DISPLAY=<unset> WAYLAND_DISPLAY=<unset> DESKTOP_SESSION=<unset> XDG_SESSION_DESKTOP=<unset> XDG_CURRENT_DESKTOP=<unset> SDL_VIDEO_DRIVER=<unset> SDL_ENABLE_STEAM_SCREEN_KEYBOARD=<unset> SteamDeck=<unset> __GL_FSAA_MODE=<unset> __GL_LOG_MAX_ANISO=<unset> __GL_SYNC_TO_VBLANK=<unset> __GL_SORT_FBCONFIGS=<unset> __GL_YIELD=<unset>
   0.009 Running in headless mode
   0.009 Audio is disabled
   0.010 Info ModManager.cpp:450: FeatureFlag expansion = true
   0.010 Info ModManager.cpp:450: FeatureFlag expansion-shaders = false
   0.010 Info ModManager.cpp:450: FeatureFlag freezing = false
   0.010 Info ModManager.cpp:450: FeatureFlag quality = false
   0.010 Info ModManager.cpp:450: FeatureFlag rail-bridges = false
   0.010 Info ModManager.cpp:450: FeatureFlag segmented-units = false
   0.010 Info ModManager.cpp:450: FeatureFlag space-travel = false
   0.010 Info ModManager.cpp:450: FeatureFlag spoiling = false
   0.012 Loading mod core 0.0.0 (data.lua)
   0.023 Loading mod base 2.1.21 (data.lua)
   0.164 Loading mod nuclear-accumulator 0.1.1 (data.lua)
   0.181 Loading mod recycler 2.1.21 (data.lua)
   0.194 Loading mod base 2.1.21 (data-updates.lua)
   0.205 Loading mod recycler 2.1.21 (data-updates.lua)
   0.227 Loading mod nuclear-accumulator 0.1.1 (data-final-fixes.lua)
   0.297 Checksum for core: 2791302773
   0.297 Checksum of base: 1834856243
   0.297 Checksum of nuclear-accumulator: 3185254188
   0.297 Checksum of recycler: 3293728126
   0.448 Prototype list checksum: 1611591271
   0.487 Info PlayerData.cpp:582: Local player-data.json unavailable
   0.488 Info GlobalContext.cpp:1336: Resetting config.
   0.488 Factorio initialised
   0.488 Info Create.cpp:32: Creating new map /workspace/work/zip-validation21/install-test.zip
   0.495 Blueprint storage "blueprint-storage-2.dat" was not found, trying to load previous version storage "blueprint-storage.dat"
   1.947 Loading level.dat: 813631 bytes.
   1.947 Info Scenario.cpp:152: Map version 2.1.21-11
   1.962 Blueprint storage "blueprint-storage-2.dat" was not found, trying to load previous version storage "blueprint-storage.dat"
   1.965 Checksum for script __level__/control.lua: 3704017257
   1.967 Checksum for script __nuclear-accumulator__/control.lua: 588278163
Done.
   2.040 Goodbye
